-------------------------------------------------------------------------------
      name:  <unnamed>
       log:  /workspace/logs/10_an_interaction_cox_models_vaccine_covidadmissio
> n.log
  log type:  text
 opened on:  13 Dec 2021, 09:54:51

. 
. 
. *PROG TO DEFINE THE BASIC COX MODEL WITH OPTIONS FOR HANDLING OF AGE, BMI, ET
> HNICITY:
. cap prog drop basemodel

. prog define basemodel
  1.         syntax , exposure(string)  age(string) [ethnicity(real 0) interact
> ion(string)] 
  2. timer clear
  3. timer on 1
  4. stcox   `exposure'                                                        
>       ///
>                         $demogadjlist                                        
>            ///
>                         $comordidadjlist                                     
>            ///
>                         `interaction'                                        
>            ///
>                         , strata(stp) vce(cluster household_id)
  5.         timer off 1
  6. timer list
  7. end

. *****************************************************************************
> ********
. 
. * Open dataset and fit specified model(s)
. foreach x in 0 {
  2. 
. use "$tempdir/cr_create_analysis_dataset_STSET_`outcome'_ageband_`x'.dta", cl
> ear
  3. /*use "C:\Users\qc18278\OneDrive - University of Bristol\Documents\GitHub\
> os-sch-children-2021\tempdata\cr_create_analysis_dataset_STSET_covid_death_ag
> eband_0.dta", clear
> *sample 20
> local outcome covid_death*/
. 
. *Tidy vaccination data
. *set second vaccination date to missing if on/before first vacc date
. replace covid_vacc_second_dose_date=. if covid_vacc_date>=covid_vacc_second_d
> ose_date
  4. *set second vacc to missing if no first vacc
. replace covid_vacc_second_dose_date=. if covid_vacc_date==. 
  5. *drop if vacc date occur prior to study start
. drop if covid_vacc_date<=d(20dec2020)
  6. drop if covid_vacc_second_dose_date<=d(20dec2020)
  7. 
. *Generate first and second vacc dates   
. gen first_vacc_plus_7d=covid_vacc_date+7
  8. gen second_vacc_plus_7d=covid_vacc_second_dose_date+7
  9. format first_vacc_plus_7d second_vacc_plus_7d %td
 10. 
. *Censor at date of first child being vaccinated in hh
. replace stime_`outcome'         = under18vacc if stime_`outcome'>under18vacc
 11. replace `outcome'=0 if stime_`outcome'<date_`outcome'
 12. replace date_`outcome' = . if (date_`outcome' > stime_`outcome' ) 
 13. 
. *Drop those without any eligible follow-up
. drop if enter_date>=stime_`outcome'
 14. 
. *Replace vacc date with missing if occur after end follow-up
. replace first_vacc_plus_7d=. if first_vacc_plus_7d>=stime_`outcome'
 15. replace second_vacc_plus_7d=. if second_vacc_plus_7d>=stime_`outcome'
 16. 
. stset stime_`outcome', fail(`outcome')          ///
>         id(patient_id) enter(enter_date) origin(enter_date)
 17. 
. 
. stsplit split1, after(first_vacc_plus_7d) at(0)
 18. recode `outcome' .=0 
 19. stsplit split2, after(second_vacc_plus_7d) at(0)
 20. recode `outcome' .=0 
 21. tab `outcome'
 22. 
. stset
 23. bysort patient_id (_t): gen vaccine=_n
 24. 
. 
. strate kids_cat4 if vaccine==1, per(100000)
 25. strate kids_cat4 if vaccine==2, per(100000)
 26. strate kids_cat4 if vaccine==2, per(100000)
 27. 
. 
. /*1st month dates
> foreach month in jan feb mar apr may jun jul aug sep oct {
>         di d(1`month'2021) 
> 
> }
> stsplit month_time, at(0(30)300)
> recode `outcome' .=0 
> 
> 
> *Unadjusted  model (interaction)
> streg i.vaccine if kids_cat4==0, dist(exp)
> streg i.vaccine i.month_time if kids_cat4==0, dist(exp)
> 
>  *if different - add in calendar month variable to streg model, whch will exp
> lain how strate is changing over time. 
>  stcox i.vaccine##i.kids_cat4
> 
> ereturn list
> matrix list e(b)
> 
> if _rc==0 {
> *testparm 1.`int_type'#i.`exposure_type'
> di _n "kids_cat4=0 " _n "****************" 
> *Must put terms in same order as appear in model
> *make sure estimates are as expected in dummy data 
> *group kids_cat4 and vaccine variable using egen to cross-check it's doing wh
> at expect 
> 
> lincom 1.vaccine+0.kids_cat4+ 1.vaccine#0.kids_cat4, eform
> lincom 2.vaccine+0.kids_cat4+ 2.vaccine#0.kids_cat4, eform
> lincom 3.vaccine+0.kids_cat4+ 3.vaccine#0.kids_cat4, eform
> 
> di _n "kids_cat4=1 " _n "****************"
> lincom 1.vaccine+1.kids_cat4+ 1.vaccine#1.kids_cat4, eform
> lincom 2.vaccine+1.kids_cat4+ 2.vaccine#1.kids_cat4, eform
> lincom 3.vaccine+1.kids_cat4+ 3.vaccine#1.kids_cat4, eform
> 
> 
> di _n "kids_cat4=2 " _n "****************"
> lincom 1.vaccine+2.kids_cat4+ 1.vaccine#2.kids_cat4, eform
> lincom 2.vaccine+2.kids_cat4+ 2.vaccine#2.kids_cat4, eform
> lincom 3.vaccine+2.kids_cat4+ 3.vaccine#2.kids_cat4, eform
> 
> di _n "kids_cat4=3 " _n "****************"
> lincom 1.vaccine+3.kids_cat4+ 1.vaccine#3.kids_cat4, eform
> lincom 2.vaccine+3.kids_cat4+ 2.vaccine#3.kids_cat4, eform
> lincom 3.vaccine+3.kids_cat4+ 3.vaccine#3.kids_cat4, eform
> 
> *effect of vaccination among kids_cat4=3 
> 
> di _n "kids_cat4=0 " _n "****************"
> lincom 1.vaccine +1.vaccine#0.kids_cat4, eform
> lincom 2.vaccine +2.vaccine#0.kids_cat4, eform
> lincom 3.vaccine +3.vaccine#0.kids_cat4, eform
> 
> di _n "kids_cat4=1 " _n "****************"
> lincom 1.vaccine +1.vaccine#1.kids_cat4, eform
> lincom 2.vaccine +2.vaccine#1.kids_cat4, eform
> lincom 3.vaccine +3.vaccine#1.kids_cat4, eform
> 
> di _n "kids_cat4=2 " _n "****************"
> lincom 1.vaccine +1.vaccine#2.kids_cat4, eform
> lincom 2.vaccine +2.vaccine#2.kids_cat4, eform
> lincom 3.vaccine +3.vaccine#2.kids_cat4, eform
> 
> di _n "kids_cat4=3 " _n "****************"
> lincom 1.vaccine +1.vaccine#3.kids_cat4, eform
> lincom 2.vaccine +2.vaccine#3.kids_cat4, eform
> lincom 3.vaccine +3.vaccine#3.kids_cat4, eform
> }
> else di "WARNING GROUP MODEL DID NOT FIT (OUTCOME `outcome')"                
>    
> */
. **Age spline model (not adj ethnicity, interaction)
. stcox   age1 age2 age3                  ///
>                         $demogadjlist                                   ///
>                         $comordidadjlist                ///
>                         i.vaccine##i.kids_cat4 ///
>                         , strata(stp) vce(cluster household_id) 
 28. if _rc==0 {
 29. *testparm 1.`int_type'#i.`exposure_type'
. di _n "kids_cat4=0 " _n "****************"
 30. lincom 1.vaccine+0.kids_cat4+ 1.vaccine#0.kids_cat4, eform
 31. lincom 2.vaccine+0.kids_cat4+ 2.vaccine#0.kids_cat4, eform
 32. lincom 3.vaccine+0.kids_cat4+ 3.vaccine#0.kids_cat4, eform
 33. 
. 
. di _n "kids_cat4=1 " _n "****************"
 34. lincom 1.vaccine+1.kids_cat4+ 1.vaccine#1.kids_cat4, eform
 35. lincom 2.vaccine+1.kids_cat4+ 2.vaccine#1.kids_cat4, eform
 36. lincom 3.vaccine+1.kids_cat4+ 3.vaccine#1.kids_cat4, eform
 37. 
. 
. di _n "kids_cat4=2 " _n "****************"
 38. lincom 1.vaccine+2.kids_cat4+ 1.vaccine#2.kids_cat4, eform
 39. lincom 2.vaccine+2.kids_cat4+ 2.vaccine#2.kids_cat4, eform
 40. lincom 3.vaccine+2.kids_cat4+ 3.vaccine#2.kids_cat4, eform
 41. 
. di _n "kids_cat4=3 " _n "****************"
 42. lincom 1.vaccine+3.kids_cat4+ 1.vaccine#3.kids_cat4, eform
 43. lincom 2.vaccine+3.kids_cat4+ 2.vaccine#3.kids_cat4, eform
 44. lincom 3.vaccine+3.kids_cat4+ 3.vaccine#3.kids_cat4, eform
 45. 
. *effect of vaccination among kids_cat4=3 
. 
. di _n "kids_cat4=0 " _n "****************"
 46. lincom 1.vaccine +1.vaccine#0.kids_cat4, eform
 47. lincom 2.vaccine +2.vaccine#0.kids_cat4, eform
 48. lincom 3.vaccine +3.vaccine#0.kids_cat4, eform
 49. 
. di _n "kids_cat4=1 " _n "****************"
 50. lincom 1.vaccine +1.vaccine#1.kids_cat4, eform
 51. lincom 2.vaccine +2.vaccine#1.kids_cat4, eform
 52. lincom 3.vaccine +3.vaccine#1.kids_cat4, eform
 53. 
. di _n "kids_cat4=2 " _n "****************"
 54. lincom 1.vaccine +1.vaccine#2.kids_cat4, eform
 55. lincom 2.vaccine +2.vaccine#2.kids_cat4, eform
 56. lincom 3.vaccine +3.vaccine#2.kids_cat4, eform
 57. 
. di _n "kids_cat4=3 " _n "****************"
 58. lincom 1.vaccine +1.vaccine#3.kids_cat4, eform
 59. lincom 2.vaccine +2.vaccine#3.kids_cat4, eform
 60. lincom 3.vaccine +3.vaccine#3.kids_cat4, eform
 61. }
 62. estimates save ./output/an_interaction_cox_models_`outcome'_kids_cat4_vacc
> ine_`x', replace
 63. 
. }
(0 real changes made)
(0 real changes made)
(437 observations deleted)
(0 observations deleted)
(8,023 missing values generated)
(15,477 missing values generated)
(13,105 real changes made)
(1,582 real changes made)
(1,582 real changes made, 1,582 to missing)
(3,718 observations deleted)
(4,550 real changes made, 4,550 to missing)
(100 real changes made, 100 to missing)

                id:  patient_id
     failure event:  covidadmission != 0 & covidadmission < .
obs. time interval:  (stime_covidadmission[_n-1], stime_covidadmission]
 enter on or after:  time enter_date
 exit on or before:  failure
    t for analysis:  (time-origin)
            origin:  time enter_date

------------------------------------------------------------------------------
     11,957  total observations
          0  exclusions
------------------------------------------------------------------------------
     11,957  observations remaining, representing
     11,957  subjects
        447  failures in single-failure-per-subject data
    651,149  total analysis time at risk and under observation
                                                at risk from t =         0
                                     earliest observed entry t =         0
                                          last observed exit t =       305
(1,254 observations (episodes) created)
(covidadmission: 1254 changes made)
(39 observations (episodes) created)
(covidadmission: 39 changes made)

Failure/cen |
     soring |
  indicator |
        for |
   outcome: |
  covid SUS |
  admission |      Freq.     Percent        Cum.
------------+-----------------------------------
          0 |     12,803       96.63       96.63
          1 |        447        3.37      100.00
------------+-----------------------------------
      Total |     13,250      100.00
-> stset stime_covidadmission, id(patient_id) failure(covidadmission)
                               enter(time enter_date) origin(time enter_date)

                id:  patient_id
     failure event:  covidadmission != 0 & covidadmission < .
obs. time interval:  (stime_covidadmission[_n-1], stime_covidadmission]
 enter on or after:  time enter_date
 exit on or before:  failure
    t for analysis:  (time-origin)
            origin:  time enter_date

------------------------------------------------------------------------------
     13,250  total observations
          0  exclusions
------------------------------------------------------------------------------
     13,250  observations remaining, representing
     11,957  subjects
        447  failures in single-failure-per-subject data
    651,149  total analysis time at risk and under observation
                                                at risk from t =         0
                                     earliest observed entry t =         0
                                          last observed exit t =       305

         failure _d:  covidadmission
   analysis time _t:  (stime_covidadmission-origin)
             origin:  time enter_date
  enter on or after:  time enter_date
                 id:  patient_id

Estimated rates (per 100000) and lower/upper bounds of 95% confidence intervals
(11957 records included in the analysis)

  +-----------------------------------------------------------+
  |      kids_cat4     D        Y     Rate    Lower     Upper |
  |-----------------------------------------------------------|
  |           none    38   0.5894   64.473   46.913    88.606 |
  | only <12 years    68   1.0025   67.830   53.481    86.030 |
  |     only 12-18    24   0.2624   91.460   61.303   136.453 |
  |          mixed   263   3.8359   68.564   60.758    77.372 |
  +-----------------------------------------------------------+


         failure _d:  covidadmission
   analysis time _t:  (stime_covidadmission-origin)
             origin:  time enter_date
  enter on or after:  time enter_date
                 id:  patient_id

Estimated rates (per 100000) and lower/upper bounds of 95% confidence intervals
(1254 records included in the analysis)

  +-----------------------------------------------------------+
  |      kids_cat4    D        Y      Rate    Lower     Upper |
  |-----------------------------------------------------------|
  |           none   11   0.1781    61.767   34.206   111.532 |
  | only <12 years   21   0.1868   112.420   73.298   172.421 |
  |     only 12-18    4   0.0629    63.633   23.883   169.546 |
  |          mixed   17   0.3716    45.746   28.438    73.586 |
  +-----------------------------------------------------------+


         failure _d:  covidadmission
   analysis time _t:  (stime_covidadmission-origin)
             origin:  time enter_date
  enter on or after:  time enter_date
                 id:  patient_id

Estimated rates (per 100000) and lower/upper bounds of 95% confidence intervals
(1254 records included in the analysis)

  +-----------------------------------------------------------+
  |      kids_cat4    D        Y      Rate    Lower     Upper |
  |-----------------------------------------------------------|
  |           none   11   0.1781    61.767   34.206   111.532 |
  | only <12 years   21   0.1868   112.420   73.298   172.421 |
  |     only 12-18    4   0.0629    63.633   23.883   169.546 |
  |          mixed   17   0.3716    45.746   28.438    73.586 |
  +-----------------------------------------------------------+


         failure _d:  covidadmission
   analysis time _t:  (stime_covidadmission-origin)
             origin:  time enter_date
  enter on or after:  time enter_date
                 id:  patient_id

note: age1 omitted because of collinearity
note: age2 omitted because of collinearity
note: age3 omitted because of collinearity
note: 3.vaccine#2.kids_cat4 identifies no observations in the sample
Iteration 0:   log pseudolikelihood = -2634.2021
Iteration 1:   log pseudolikelihood =  -2607.127
Iteration 2:   log pseudolikelihood = -2604.3781
Iteration 3:   log pseudolikelihood =  -2603.954
Iteration 4:   log pseudolikelihood = -2603.8246
Iteration 5:   log pseudolikelihood = -2603.7772
Iteration 6:   log pseudolikelihood = -2603.7598
Iteration 7:   log pseudolikelihood = -2603.7534
Iteration 8:   log pseudolikelihood =  -2603.751
Iteration 9:   log pseudolikelihood = -2603.7502
Iteration 10:  log pseudolikelihood = -2603.7498
Iteration 11:  log pseudolikelihood = -2603.7497
Iteration 12:  log pseudolikelihood = -2603.7497
Iteration 13:  log pseudolikelihood = -2603.7497
Iteration 14:  log pseudolikelihood = -2603.7497
Iteration 15:  log pseudolikelihood = -2603.7497
Iteration 16:  log pseudolikelihood = -2603.7497
Iteration 17:  log pseudolikelihood = -2603.7497
Iteration 18:  log pseudolikelihood = -2603.7497
Iteration 19:  log pseudolikelihood = -2603.7497
Iteration 20:  log pseudolikelihood = -2603.7497
Iteration 21:  log pseudolikelihood = -2603.7497
Iteration 22:  log pseudolikelihood = -2603.7497
Iteration 23:  log pseudolikelihood = -2603.7497
Iteration 24:  log pseudolikelihood = -2603.7497
Iteration 25:  log pseudolikelihood = -2603.7497
Iteration 26:  log pseudolikelihood = -2603.7497
Iteration 27:  log pseudolikelihood = -2603.7497
Iteration 28:  log pseudolikelihood = -2603.7497
Iteration 29:  log pseudolikelihood = -2603.7497
Iteration 30:  log pseudolikelihood = -2603.7497
Iteration 31:  log pseudolikelihood = -2603.7497
Refining estimates:
Iteration 0:   log pseudolikelihood = -2603.7497
Iteration 1:   log pseudolikelihood = -2603.7497
Iteration 2:   log pseudolikelihood = -2603.7497

Stratified Cox regr. -- Breslow method for ties

No. of subjects      =       11,957             Number of obs    =      13,250
No. of failures      =          447
Time at risk         =       651149
                                                Wald chi2(48)    =    31484.39
Log pseudolikelihood =   -2603.7497             Prob > chi2      =      0.0000

                         (Std. Err. adjusted for 919 clusters in household_id)
------------------------------------------------------------------------------
             |               Robust
          _t | Haz. Ratio   Std. Err.      z    P>|z|     [95% Conf. Interval]
-------------+----------------------------------------------------------------
        age1 |    1.04478   .0189145     2.42   0.016     1.008359    1.082518
        age2 |    .889669   .0498116    -2.09   0.037     .7972061     .992856
        age3 |   1.351082   .2159084     1.88   0.060     .9877706    1.848022
        age1 |          1  (omitted)
        age2 |          1  (omitted)
        age3 |          1  (omitted)
      1.male |   .9152137   .0905389    -0.90   0.370     .7539041    1.111038
             |
   ethnicity |
Asian or ..  |   .8164641   .1423856    -1.16   0.245     .5800876     1.14916
      Other  |   1.090103   .1598123     0.59   0.556     .8178601    1.452969
             |
   obese4cat |
Obese I ..)  |   1.051566   .1478636     0.36   0.721     .7982641    1.385244
Obese II..)  |   .9896996   .1702029    -0.06   0.952     .7065105    1.386399
Obese II..)  |   1.116684   .2304655     0.53   0.593     .7451709    1.673418
             |
smoke_nomiss |
     Former  |   .7857427   .3335871    -0.57   0.570     .3419028    1.805752
    Current  |   .9365668   .1431089    -0.43   0.668     .6941827    1.263583
             |
         imd |
          4  |   .9219056    .110991    -0.68   0.499      .728128    1.167254
5 most de..  |   1.076583   .1740279     0.46   0.648     .7842453    1.477892
             |
tot_adults~h |
          2  |   1.422205   .6037024     0.83   0.407     .6189293    3.268008
          3  |   1.037094   .3646076     0.10   0.917      .520672    2.065723
             |
1.htdiag_o~p |    1.11128   .1106985     1.06   0.289     .9141815    1.350874
1.~y_disease |   .8443316   .1062865    -1.34   0.179     .6597232    1.080598
    1.asthma |   1.062539   .1891137     0.34   0.733      .749628    1.506067
1.~c_disease |   .9404448   .1141063    -0.51   0.613     .7414043    1.192921
             |
     diabcat |
T1DM, con..  |   .8673756   .3032451    -0.41   0.684     .4371362    1.721067
T1DM, unc..  |   1.044042   .6499755     0.07   0.945     .3081747    3.537034
T2DM, con..  |   1.234242   .1585936     1.64   0.101     .9594563    1.587724
T2DM, unc..  |   1.198031   .2807773     0.77   0.441     .7567901    1.896533
Diabetes,..  |   5.17e-15   2.07e-15   -82.27   0.000     2.36e-15    1.13e-14
             |
cancer_exh~t |
  Last year  |   2.377137   1.216834     1.69   0.091     .8716297    6.483006
2-5 years..  |   .8910444   .2772223    -0.37   0.711     .4842538    1.639554
   5+ years  |   1.137609   .1288926     1.14   0.255     .9110681    1.420481
             |
cancer_hae~t |
  Last year  |   4.26e-15   1.08e-15  -130.34   0.000     2.59e-15    7.01e-15
2-5 years..  |   .4675502   .2254543    -1.58   0.115     .1817088    1.203041
   5+ years  |   1.146086   .1423332     1.10   0.272     .8984751    1.461937
             |
1.~r_disease |   .8504948   .0991951    -1.39   0.165     .6766968     1.06893
1.stroke_d~a |   1.034245   .1243336     0.28   0.779      .817137    1.309038
1.other_ne~o |   1.120939   .1228792     1.04   0.298     .9042155    1.389607
             |
reduced_ki~t |
Stage 3a/..  |   2.822258   1.634699     1.79   0.073     .9069153    8.782674
      1.esrd |   .9358846   .0964459    -0.64   0.520     .7647214    1.145358
1.other_tr~t |   .9885089   .1133746    -0.10   0.920     .7895036    1.237676
  1.asplenia |   1.355237   .1491664     2.76   0.006     1.092261    1.681529
1.ra_sle_p~s |   1.179054   .1351968     1.44   0.151     .9417382    1.476172
1.other_im~o |   1.046347   .1298357     0.37   0.715     .8204551    1.334434
             |
     vaccine |
          2  |    .872078   .3175752    -0.38   0.707      .427152    1.780444
          3  |   5.28e-10   5.20e-10   -21.69   0.000     7.66e-11    3.64e-09
             |
   kids_cat4 |
only <12 ..  |   1.168609   .2529649     0.72   0.472     .7645618    1.786183
 only 12-18  |    1.51699   .4023781     1.57   0.116     .9019941    2.551303
      mixed  |   1.241133   .2389669     1.12   0.262      .850998    1.810123
             |
     vaccine#|
   kids_cat4 |
          2 #|
only <12 ..  |   1.865664   .7972416     1.46   0.144     .8074117    4.310936
          2 #|
 only 12-18  |   .7561323   .4628348    -0.46   0.648     .2278087     2.50972
    2#mixed  |   .6791359     .29058    -0.90   0.366     .2935996    1.570934
          3 #|
only <12 ..  |   8.90e-06   .0000102   -10.19   0.000     9.51e-07    .0000834
          3 #|
 only 12-18  |          1  (empty)
    3#mixed  |   3.04e+09          .        .       .            .           .
------------------------------------------------------------------------------
                                                             Stratified by stp

kids_cat4=0 
****************

 ( 1)  1b.vaccine + 0b.kids_cat4 + 1b.vaccine#0b.kids_cat4 = 0

------------------------------------------------------------------------------
          _t |     exp(b)   Std. Err.      z    P>|z|     [95% Conf. Interval]
-------------+----------------------------------------------------------------
         (1) |          1  (omitted)
------------------------------------------------------------------------------

 ( 1)  2.vaccine + 0b.kids_cat4 + 2o.vaccine#0b.kids_cat4 = 0

------------------------------------------------------------------------------
          _t |     exp(b)   Std. Err.      z    P>|z|     [95% Conf. Interval]
-------------+----------------------------------------------------------------
         (1) |    .872078   .3175752    -0.38   0.707      .427152    1.780444
------------------------------------------------------------------------------

 ( 1)  3.vaccine + 0b.kids_cat4 + 3o.vaccine#0b.kids_cat4 = 0

------------------------------------------------------------------------------
          _t |     exp(b)   Std. Err.      z    P>|z|     [95% Conf. Interval]
-------------+----------------------------------------------------------------
         (1) |   5.28e-10   5.20e-10   -21.69   0.000     7.66e-11    3.64e-09
------------------------------------------------------------------------------

kids_cat4=1 
****************

 ( 1)  1b.vaccine + 1.kids_cat4 + 1b.vaccine#1o.kids_cat4 = 0

------------------------------------------------------------------------------
          _t |     exp(b)   Std. Err.      z    P>|z|     [95% Conf. Interval]
-------------+----------------------------------------------------------------
         (1) |   1.168609   .2529649     0.72   0.472     .7645618    1.786183
------------------------------------------------------------------------------

 ( 1)  2.vaccine + 1.kids_cat4 + 2.vaccine#1.kids_cat4 = 0

------------------------------------------------------------------------------
          _t |     exp(b)   Std. Err.      z    P>|z|     [95% Conf. Interval]
-------------+----------------------------------------------------------------
         (1) |   1.901332   .5103143     2.39   0.017     1.123562    3.217503
------------------------------------------------------------------------------

 ( 1)  3.vaccine + 1.kids_cat4 + 3.vaccine#1.kids_cat4 = 0

------------------------------------------------------------------------------
          _t |     exp(b)   Std. Err.      z    P>|z|     [95% Conf. Interval]
-------------+----------------------------------------------------------------
         (1) |   5.49e-15   3.20e-15   -56.41   0.000     1.76e-15    1.72e-14
------------------------------------------------------------------------------

kids_cat4=2 
****************

 ( 1)  1b.vaccine + 2.kids_cat4 + 1b.vaccine#2o.kids_cat4 = 0

------------------------------------------------------------------------------
          _t |     exp(b)   Std. Err.      z    P>|z|     [95% Conf. Interval]
-------------+----------------------------------------------------------------
         (1) |    1.51699   .4023781     1.57   0.116     .9019941    2.551303
------------------------------------------------------------------------------

 ( 1)  2.vaccine + 2.kids_cat4 + 2.vaccine#2.kids_cat4 = 0

------------------------------------------------------------------------------
          _t |     exp(b)   Std. Err.      z    P>|z|     [95% Conf. Interval]
-------------+----------------------------------------------------------------
         (1) |   1.000313   .4779773     0.00   0.999     .3921104      2.5519
------------------------------------------------------------------------------

 ( 1)  3.vaccine + 2.kids_cat4 + 3o.vaccine#2o.kids_cat4 = 0

------------------------------------------------------------------------------
          _t |     exp(b)   Std. Err.      z    P>|z|     [95% Conf. Interval]
-------------+----------------------------------------------------------------
         (1) |   8.01e-10   8.16e-10   -20.57   0.000     1.09e-10    5.89e-09
------------------------------------------------------------------------------

kids_cat4=3 
****************

 ( 1)  1b.vaccine + 3.kids_cat4 + 1b.vaccine#3o.kids_cat4 = 0

------------------------------------------------------------------------------
          _t |     exp(b)   Std. Err.      z    P>|z|     [95% Conf. Interval]
-------------+----------------------------------------------------------------
         (1) |   1.241133   .2389669     1.12   0.262      .850998    1.810123
------------------------------------------------------------------------------

 ( 1)  2.vaccine + 3.kids_cat4 + 2.vaccine#3.kids_cat4 = 0

------------------------------------------------------------------------------
          _t |     exp(b)   Std. Err.      z    P>|z|     [95% Conf. Interval]
-------------+----------------------------------------------------------------
         (1) |   .7350728   .2097276    -1.08   0.281      .420213    1.285853
------------------------------------------------------------------------------

 ( 1)  3.vaccine + 3.kids_cat4 + 3.vaccine#3.kids_cat4 = 0

------------------------------------------------------------------------------
          _t |     exp(b)   Std. Err.      z    P>|z|     [95% Conf. Interval]
-------------+----------------------------------------------------------------
         (1) |   1.989656   1.977043     0.69   0.489     .2837738     13.9503
------------------------------------------------------------------------------

kids_cat4=0 
****************

 ( 1)  1b.vaccine + 1b.vaccine#0b.kids_cat4 = 0

------------------------------------------------------------------------------
          _t |     exp(b)   Std. Err.      z    P>|z|     [95% Conf. Interval]
-------------+----------------------------------------------------------------
         (1) |          1  (omitted)
------------------------------------------------------------------------------

 ( 1)  2.vaccine + 2o.vaccine#0b.kids_cat4 = 0

------------------------------------------------------------------------------
          _t |     exp(b)   Std. Err.      z    P>|z|     [95% Conf. Interval]
-------------+----------------------------------------------------------------
         (1) |    .872078   .3175752    -0.38   0.707      .427152    1.780444
------------------------------------------------------------------------------

 ( 1)  3.vaccine + 3o.vaccine#0b.kids_cat4 = 0

------------------------------------------------------------------------------
          _t |     exp(b)   Std. Err.      z    P>|z|     [95% Conf. Interval]
-------------+----------------------------------------------------------------
         (1) |   5.28e-10   5.20e-10   -21.69   0.000     7.66e-11    3.64e-09
------------------------------------------------------------------------------

kids_cat4=1 
****************

 ( 1)  1b.vaccine + 1b.vaccine#1o.kids_cat4 = 0

------------------------------------------------------------------------------
          _t |     exp(b)   Std. Err.      z    P>|z|     [95% Conf. Interval]
-------------+----------------------------------------------------------------
         (1) |          1  (omitted)
------------------------------------------------------------------------------

 ( 1)  2.vaccine + 2.vaccine#1.kids_cat4 = 0

------------------------------------------------------------------------------
          _t |     exp(b)   Std. Err.      z    P>|z|     [95% Conf. Interval]
-------------+----------------------------------------------------------------
         (1) |   1.627004   .3954775     2.00   0.045     1.010384    2.619938
------------------------------------------------------------------------------

 ( 1)  3.vaccine + 3.vaccine#1.kids_cat4 = 0

------------------------------------------------------------------------------
          _t |     exp(b)   Std. Err.      z    P>|z|     [95% Conf. Interval]
-------------+----------------------------------------------------------------
         (1) |   4.70e-15   2.73e-15   -56.88   0.000     1.51e-15    1.47e-14
------------------------------------------------------------------------------

kids_cat4=2 
****************

 ( 1)  1b.vaccine + 1b.vaccine#2o.kids_cat4 = 0

------------------------------------------------------------------------------
          _t |     exp(b)   Std. Err.      z    P>|z|     [95% Conf. Interval]
-------------+----------------------------------------------------------------
         (1) |          1  (omitted)
------------------------------------------------------------------------------

 ( 1)  2.vaccine + 2.vaccine#2.kids_cat4 = 0

------------------------------------------------------------------------------
          _t |     exp(b)   Std. Err.      z    P>|z|     [95% Conf. Interval]
-------------+----------------------------------------------------------------
         (1) |   .6594064    .340312    -0.81   0.420     .2398048    1.813211
------------------------------------------------------------------------------

 ( 1)  3.vaccine + 3o.vaccine#2o.kids_cat4 = 0

------------------------------------------------------------------------------
          _t |     exp(b)   Std. Err.      z    P>|z|     [95% Conf. Interval]
-------------+----------------------------------------------------------------
         (1) |   5.28e-10   5.20e-10   -21.69   0.000     7.66e-11    3.64e-09
------------------------------------------------------------------------------

kids_cat4=3 
****************

 ( 1)  1b.vaccine + 1b.vaccine#3o.kids_cat4 = 0

------------------------------------------------------------------------------
          _t |     exp(b)   Std. Err.      z    P>|z|     [95% Conf. Interval]
-------------+----------------------------------------------------------------
         (1) |          1  (omitted)
------------------------------------------------------------------------------

 ( 1)  2.vaccine + 2.vaccine#3.kids_cat4 = 0

------------------------------------------------------------------------------
          _t |     exp(b)   Std. Err.      z    P>|z|     [95% Conf. Interval]
-------------+----------------------------------------------------------------
         (1) |   .5922595   .1377166    -2.25   0.024     .3754779    .9341997
------------------------------------------------------------------------------

 ( 1)  3.vaccine + 3.vaccine#3.kids_cat4 = 0

------------------------------------------------------------------------------
          _t |     exp(b)   Std. Err.      z    P>|z|     [95% Conf. Interval]
-------------+----------------------------------------------------------------
         (1) |   1.603096   1.578889     0.48   0.632     .2326011    11.04861
------------------------------------------------------------------------------
(note: file ./output/an_interaction_cox_models_covidadmission_kids_cat4_vaccine
> _0.ster not found)
file ./output/an_interaction_cox_models_covidadmission_kids_cat4_vaccine_0.ster
>  saved

. else di "WARNING GROUP MODEL DID NOT FIT (OUTCOME `outcome')"
WARNING GROUP MODEL DID NOT FIT (OUTCOME covidadmission)

. log close
      name:  <unnamed>
       log:  /workspace/logs/10_an_interaction_cox_models_vaccine_covidadmissio
> n.log
  log type:  text
 closed on:  13 Dec 2021, 09:55:09
-------------------------------------------------------------------------------
