-------------------------------------------------------------------------------
      name:  <unnamed>
       log:  /workspace/logs/10c_an_interaction_cox_models_vaccine_covidadmissi
> on_child_prevacc.log
  log type:  text
 opened on:  15 Mar 2023, 14:32:11

. 
. 
. *PROG TO DEFINE THE BASIC COX MODEL WITH OPTIONS FOR HANDLING OF AGE, BMI, ET
> HNICITY:
. cap prog drop basemodel

. prog define basemodel
  1.         syntax , exposure(string)  age(string) [ethnicity(real 0) interact
> ion(string)] 
  2. timer clear
  3. timer on 1
  4. stcox   `exposure'                                                        
>       ///
>                         $demogadjlist                                        
>            ///
>                         $comordidadjlist                                     
>            ///
>                         `interaction'                                        
>            ///
>                         , strata(stp) vce(cluster household_id)
  5.         timer off 1
  6. timer list
  7. end

. *****************************************************************************
> ********
. 
. * Open dataset and fit specified model(s)
. foreach x in 0 1 {
  2. 
. use "$tempdir/cr_create_analysis_dataset_STSET_`outcome'_ageband_`x'.dta", cl
> ear
  3. /*use "C:\Users\qc18278\OneDrive - University of Bristol\Documents\GitHub\
> os-sch-children-2021\tempdata\cr_create_analysis_dataset_STSET_covid_death_ag
> eband_0.dta", clear
> *sample 20
> local outcome covid_death*/
. 
. *Tidy vaccination data
. replace covid_vacc_second_dose_date = . if ///
>         covid_vacc_date == . | ///
>         covid_vacc_date >= covid_vacc_second_dose_date
  4. replace covid_vacc_third_dose_date = . if ///
>         covid_vacc_date == . | ///
>         covid_vacc_second_dose_date == . | ///
>         covid_vacc_third_dose_date <= covid_vacc_second_dose_date | ///
>         covid_vacc_third_dose_date <= covid_vacc_date
  5. *drop if vacc date occur prior to study start
. drop if covid_vacc_date<=d(20dec2020)
  6. drop if covid_vacc_second_dose_date<=d(20dec2020)
  7. drop if covid_vacc_third_dose_date<=d(20dec2020)
  8. 
. *Generate first and second vacc dates   
. gen first_vacc_plus_7d=covid_vacc_date+7
  9. gen second_vacc_plus_7d=covid_vacc_second_dose_date+7
 10. gen third_vacc_plus_7d=covid_vacc_third_dose_date+7
 11. format first_vacc_plus_7d second_vacc_plus_7d third_vacc_plus_7d %td
 12. 
. *Censor at date of all children aged 12-17 being vaccinated in hh
. replace stime_`outcome'         = all_under18vacc if stime_`outcome'>all_unde
> r18vacc
 13. replace `outcome'=0 if stime_`outcome'<date_`outcome'
 14. replace date_`outcome' = . if (date_`outcome' > stime_`outcome' ) 
 15. 
. *Drop those without any eligible follow-up
. drop if enter_date>=stime_`outcome'
 16. 
. *Replace vacc date with missing if occur after end follow-up
. replace first_vacc_plus_7d=. if first_vacc_plus_7d>=stime_`outcome'
 17. replace second_vacc_plus_7d=. if second_vacc_plus_7d>=stime_`outcome'
 18. replace third_vacc_plus_7d=. if third_vacc_plus_7d>=stime_`outcome'
 19. 
. stset stime_`outcome', fail(`outcome')          ///
>         id(patient_id) enter(enter_date) origin(enter_date)
 20. 
. 
. stsplit split1, after(first_vacc_plus_7d) at(0)
 21. recode `outcome' .=0 
 22. stsplit split2, after(second_vacc_plus_7d) at(0)
 23. recode `outcome' .=0 
 24. stsplit split3, after(third_vacc_plus_7d) at(0)
 25. recode `outcome' .=0 
 26. tab `outcome'
 27. 
. stset
 28. bysort patient_id (_t): gen vaccine=_n
 29. 
. 
. strate kids_cat4 if vaccine==1, per(100000)
 30. strate kids_cat4 if vaccine==2, per(100000)
 31. strate kids_cat4 if vaccine==3, per(100000)
 32. strate kids_cat4 if vaccine==4, per(100000)
 33. 
. 
. /*1st month dates
> foreach month in jan feb mar apr may jun jul aug sep oct {
>         di d(1`month'2021) 
> 
> }
> stsplit month_time, at(0(30)300)
> recode `outcome' .=0 
> 
> 
> *Unadjusted  model (interaction)
> streg i.vaccine if kids_cat4==0, dist(exp)
> streg i.vaccine i.month_time if kids_cat4==0, dist(exp)
> 
>  *if different - add in calendar month variable to streg model, whch will exp
> lain how strate is changing over time. 
>  stcox i.vaccine##i.kids_cat4
> 
> ereturn list
> matrix list e(b)
> 
> if _rc==0 {
> *testparm 1.`int_type'#i.`exposure_type'
> di _n "kids_cat4=0 " _n "****************" 
> *Must put terms in same order as appear in model
> *make sure estimates are as expected in dummy data 
> *group kids_cat4 and vaccine variable using egen to cross-check it's doing wh
> at expect 
> 
> lincom 1.vaccine+0.kids_cat4+ 1.vaccine#0.kids_cat4, eform
> lincom 2.vaccine+0.kids_cat4+ 2.vaccine#0.kids_cat4, eform
> lincom 3.vaccine+0.kids_cat4+ 3.vaccine#0.kids_cat4, eform
> 
> di _n "kids_cat4=1 " _n "****************"
> lincom 1.vaccine+1.kids_cat4+ 1.vaccine#1.kids_cat4, eform
> lincom 2.vaccine+1.kids_cat4+ 2.vaccine#1.kids_cat4, eform
> lincom 3.vaccine+1.kids_cat4+ 3.vaccine#1.kids_cat4, eform
> 
> 
> di _n "kids_cat4=2 " _n "****************"
> lincom 1.vaccine+2.kids_cat4+ 1.vaccine#2.kids_cat4, eform
> lincom 2.vaccine+2.kids_cat4+ 2.vaccine#2.kids_cat4, eform
> lincom 3.vaccine+2.kids_cat4+ 3.vaccine#2.kids_cat4, eform
> 
> di _n "kids_cat4=3 " _n "****************"
> lincom 1.vaccine+3.kids_cat4+ 1.vaccine#3.kids_cat4, eform
> lincom 2.vaccine+3.kids_cat4+ 2.vaccine#3.kids_cat4, eform
> lincom 3.vaccine+3.kids_cat4+ 3.vaccine#3.kids_cat4, eform
> 
> *effect of vaccination among kids_cat4=3 
> 
> di _n "kids_cat4=0 " _n "****************"
> lincom 1.vaccine +1.vaccine#0.kids_cat4, eform
> lincom 2.vaccine +2.vaccine#0.kids_cat4, eform
> lincom 3.vaccine +3.vaccine#0.kids_cat4, eform
> 
> di _n "kids_cat4=1 " _n "****************"
> lincom 1.vaccine +1.vaccine#1.kids_cat4, eform
> lincom 2.vaccine +2.vaccine#1.kids_cat4, eform
> lincom 3.vaccine +3.vaccine#1.kids_cat4, eform
> 
> di _n "kids_cat4=2 " _n "****************"
> lincom 1.vaccine +1.vaccine#2.kids_cat4, eform
> lincom 2.vaccine +2.vaccine#2.kids_cat4, eform
> lincom 3.vaccine +3.vaccine#2.kids_cat4, eform
> 
> di _n "kids_cat4=3 " _n "****************"
> lincom 1.vaccine +1.vaccine#3.kids_cat4, eform
> lincom 2.vaccine +2.vaccine#3.kids_cat4, eform
> lincom 3.vaccine +3.vaccine#3.kids_cat4, eform
> }
> else di "WARNING GROUP MODEL DID NOT FIT (OUTCOME `outcome')"                
>    
> */
. **Age spline model (not adj ethnicity, interaction)
. stcox   age1 age2 age3                  ///
>                         $demogadjlist                                   ///
>                         $comordidadjlist                ///
>                         i.vaccine##i.kids_cat4 ///
>                         , strata(stp) vce(cluster household_id) 
 34. if _rc==0 {
 35. *testparm 1.`int_type'#i.`exposure_type'
. di _n "kids_cat4=0 " _n "****************"
 36. lincom 1.vaccine+0.kids_cat4+ 1.vaccine#0.kids_cat4, eform
 37. lincom 2.vaccine+0.kids_cat4+ 2.vaccine#0.kids_cat4, eform
 38. lincom 3.vaccine+0.kids_cat4+ 3.vaccine#0.kids_cat4, eform
 39. lincom 4.vaccine+0.kids_cat4+ 4.vaccine#0.kids_cat4, eform
 40. 
. 
. di _n "kids_cat4=1 " _n "****************"
 41. lincom 1.vaccine+1.kids_cat4+ 1.vaccine#1.kids_cat4, eform
 42. lincom 2.vaccine+1.kids_cat4+ 2.vaccine#1.kids_cat4, eform
 43. lincom 3.vaccine+1.kids_cat4+ 3.vaccine#1.kids_cat4, eform
 44. lincom 4.vaccine+1.kids_cat4+ 4.vaccine#1.kids_cat4, eform
 45. 
. 
. di _n "kids_cat4=2 " _n "****************"
 46. lincom 1.vaccine+2.kids_cat4+ 1.vaccine#2.kids_cat4, eform
 47. lincom 2.vaccine+2.kids_cat4+ 2.vaccine#2.kids_cat4, eform
 48. lincom 3.vaccine+2.kids_cat4+ 3.vaccine#2.kids_cat4, eform
 49. lincom 4.vaccine+2.kids_cat4+ 4.vaccine#2.kids_cat4, eform
 50. 
. di _n "kids_cat4=3 " _n "****************"
 51. lincom 1.vaccine+3.kids_cat4+ 1.vaccine#3.kids_cat4, eform
 52. lincom 2.vaccine+3.kids_cat4+ 2.vaccine#3.kids_cat4, eform
 53. lincom 3.vaccine+3.kids_cat4+ 3.vaccine#3.kids_cat4, eform
 54. lincom 4.vaccine+3.kids_cat4+ 4.vaccine#3.kids_cat4, eform
 55. 
. *effect of vaccination among kids_cat4=3 
. 
. di _n "kids_cat4=0 " _n "****************"
 56. lincom 1.vaccine +1.vaccine#0.kids_cat4, eform
 57. lincom 2.vaccine +2.vaccine#0.kids_cat4, eform
 58. lincom 3.vaccine +3.vaccine#0.kids_cat4, eform
 59. lincom 4.vaccine +4.vaccine#0.kids_cat4, eform
 60. 
. di _n "kids_cat4=1 " _n "****************"
 61. lincom 1.vaccine +1.vaccine#1.kids_cat4, eform
 62. lincom 2.vaccine +2.vaccine#1.kids_cat4, eform
 63. lincom 3.vaccine +3.vaccine#1.kids_cat4, eform
 64. lincom 4.vaccine +4.vaccine#1.kids_cat4, eform
 65. 
. di _n "kids_cat4=2 " _n "****************"
 66. lincom 1.vaccine +1.vaccine#2.kids_cat4, eform
 67. lincom 2.vaccine +2.vaccine#2.kids_cat4, eform
 68. lincom 3.vaccine +3.vaccine#2.kids_cat4, eform
 69. lincom 4.vaccine +4.vaccine#2.kids_cat4, eform
 70. 
. di _n "kids_cat4=3 " _n "****************"
 71. lincom 1.vaccine +1.vaccine#3.kids_cat4, eform
 72. lincom 2.vaccine +2.vaccine#3.kids_cat4, eform
 73. lincom 3.vaccine +3.vaccine#3.kids_cat4, eform
 74. lincom 4.vaccine +4.vaccine#3.kids_cat4, eform
 75. }
 76. estimates save ./output/an_interaction_cox_models_`outcome'_kids_cat4_vacc
> ine_`x'_child_prevacc, replace
 77. 
. }
(0 real changes made)
(0 real changes made)
(6,005 observations deleted)
(0 observations deleted)
(0 observations deleted)
(5,307 missing values generated)
(16,554 missing values generated)
(30,600 missing values generated)
(3,884 real changes made)
(838 real changes made)
(838 real changes made, 838 to missing)
(130 observations deleted)
(23,998 real changes made, 23,998 to missing)
(44,515 real changes made, 44,515 to missing)
(55,827 real changes made, 55,827 to missing)

                id:  patient_id
     failure event:  covidadmission != 0 & covidadmission < .
obs. time interval:  (stime_covidadmission[_n-1], stime_covidadmission]
 enter on or after:  time enter_date
 exit on or before:  failure
    t for analysis:  (time-origin)
            origin:  time enter_date

------------------------------------------------------------------------------
    101,103  total observations
          0  exclusions
------------------------------------------------------------------------------
    101,103  observations remaining, representing
    101,103  subjects
     29,295  failures in single-failure-per-subject data
   22957690  total analysis time at risk and under observation
                                                at risk from t =         0
                                     earliest observed entry t =         0
                                          last observed exit t =       428
(71,806 observations (episodes) created)
(covidadmission: 71806 changes made)
(40,051 observations (episodes) created)
(covidadmission: 40051 changes made)
(14,710 observations (episodes) created)
(covidadmission: 14710 changes made)

Failure/cen |
     soring |
  indicator |
        for |
   outcome: |
  covid SUS |
  admission |      Freq.     Percent        Cum.
------------+-----------------------------------
          0 |    198,375       87.13       87.13
          1 |     29,295       12.87      100.00
------------+-----------------------------------
      Total |    227,670      100.00
-> stset stime_covidadmission, id(patient_id) failure(covidadmission)
                               enter(time enter_date) origin(time enter_date)

                id:  patient_id
     failure event:  covidadmission != 0 & covidadmission < .
obs. time interval:  (stime_covidadmission[_n-1], stime_covidadmission]
 enter on or after:  time enter_date
 exit on or before:  failure
    t for analysis:  (time-origin)
            origin:  time enter_date

------------------------------------------------------------------------------
    227,670  total observations
          0  exclusions
------------------------------------------------------------------------------
    227,670  observations remaining, representing
    101,103  subjects
     29,295  failures in single-failure-per-subject data
   22957690  total analysis time at risk and under observation
                                                at risk from t =         0
                                     earliest observed entry t =         0
                                          last observed exit t =       428

         failure _d:  covidadmission
   analysis time _t:  (stime_covidadmission-origin)
             origin:  time enter_date
  enter on or after:  time enter_date
                 id:  patient_id

Estimated rates (per 100000) and lower/upper bounds of 95% confidence intervals
(101103 records included in the analysis)

  +----------------------------------------------------------------+
  |      kids_cat4       D         Y      Rate     Lower     Upper |
  |----------------------------------------------------------------|
  |           none      36    0.2941   122.399    88.290   169.686 |
  | only <12 years      91    0.8188   111.141    90.499   136.491 |
  |     only 12-18      13    0.1776    73.182    42.493   126.033 |
  |          mixed   10734   94.3484   113.770   111.638   115.943 |
  +----------------------------------------------------------------+


         failure _d:  covidadmission
   analysis time _t:  (stime_covidadmission-origin)
             origin:  time enter_date
  enter on or after:  time enter_date
                 id:  patient_id

Estimated rates (per 100000) and lower/upper bounds of 95% confidence intervals
(71806 records included in the analysis)

  +----------------------------------------------------------------+
  |      kids_cat4       D         Y      Rate     Lower     Upper |
  |----------------------------------------------------------------|
  |           none      37    0.2943   125.718    91.088   173.514 |
  | only <12 years      89    0.7193   123.730   100.519   152.300 |
  |     only 12-18      20    0.1182   169.233   109.182   262.313 |
  |          mixed   10445   82.3342   126.861   124.451   129.317 |
  +----------------------------------------------------------------+


         failure _d:  covidadmission
   analysis time _t:  (stime_covidadmission-origin)
             origin:  time enter_date
  enter on or after:  time enter_date
                 id:  patient_id

Estimated rates (per 100000) and lower/upper bounds of 95% confidence intervals
(40051 records included in the analysis)

  +---------------------------------------------------------------+
  |      kids_cat4      D         Y      Rate     Lower     Upper |
  |---------------------------------------------------------------|
  |           none     18    0.1360   132.392    83.413   210.132 |
  | only <12 years     59    0.3690   159.874   123.869   206.346 |
  |     only 12-18      0    0.0225     0.000         .         . |
  |          mixed   6032   39.6510   152.127   148.336   156.015 |
  +---------------------------------------------------------------+


         failure _d:  covidadmission
   analysis time _t:  (stime_covidadmission-origin)
             origin:  time enter_date
  enter on or after:  time enter_date
                 id:  patient_id

Estimated rates (per 100000) and lower/upper bounds of 95% confidence intervals
(14710 records included in the analysis)

  +----------------------------------------------------------------+
  |      kids_cat4      D         Y      Rate     Lower      Upper |
  |----------------------------------------------------------------|
  |           none      6    0.0425   141.243    63.455    314.390 |
  | only <12 years     12    0.1078   111.276    63.195    195.940 |
  |     only 12-18      1    0.0030   332.226    46.799   2358.496 |
  |          mixed   1702   10.1403   167.845   160.058    176.012 |
  +----------------------------------------------------------------+


         failure _d:  covidadmission
   analysis time _t:  (stime_covidadmission-origin)
             origin:  time enter_date
  enter on or after:  time enter_date
                 id:  patient_id

note: age1 omitted because of collinearity
note: age2 omitted because of collinearity
note: age3 omitted because of collinearity
Iteration 0:   log pseudolikelihood = -252832.09
Iteration 1:   log pseudolikelihood = -252797.75
Iteration 2:   log pseudolikelihood = -252796.53
Iteration 3:   log pseudolikelihood = -252796.26
Iteration 4:   log pseudolikelihood = -252796.16
Iteration 5:   log pseudolikelihood = -252796.12
Iteration 6:   log pseudolikelihood = -252796.11
Iteration 7:   log pseudolikelihood = -252796.11
Iteration 8:   log pseudolikelihood =  -252796.1
Iteration 9:   log pseudolikelihood =  -252796.1
Iteration 10:  log pseudolikelihood =  -252796.1
Iteration 11:  log pseudolikelihood =  -252796.1
Iteration 12:  log pseudolikelihood =  -252796.1
Iteration 13:  log pseudolikelihood =  -252796.1
Iteration 14:  log pseudolikelihood =  -252796.1
Iteration 15:  log pseudolikelihood =  -252796.1
Iteration 16:  log pseudolikelihood =  -252796.1
Iteration 17:  log pseudolikelihood =  -252796.1
Iteration 18:  log pseudolikelihood =  -252796.1
Iteration 19:  log pseudolikelihood =  -252796.1
Iteration 20:  log pseudolikelihood =  -252796.1
Iteration 21:  log pseudolikelihood =  -252796.1
Iteration 22:  log pseudolikelihood =  -252796.1
Iteration 23:  log pseudolikelihood =  -252796.1
Iteration 24:  log pseudolikelihood =  -252796.1
Iteration 25:  log pseudolikelihood =  -252796.1
Iteration 26:  log pseudolikelihood =  -252796.1
Iteration 27:  log pseudolikelihood =  -252796.1
Iteration 28:  log pseudolikelihood =  -252796.1
Iteration 29:  log pseudolikelihood =  -252796.1
Iteration 30:  log pseudolikelihood =  -252796.1
Iteration 31:  log pseudolikelihood =  -252796.1
Iteration 32:  log pseudolikelihood =  -252796.1
Iteration 33:  log pseudolikelihood =  -252796.1
Iteration 34:  log pseudolikelihood =  -252796.1
Iteration 35:  log pseudolikelihood =  -252796.1
Iteration 36:  log pseudolikelihood =  -252796.1
Iteration 37:  log pseudolikelihood =  -252796.1
Iteration 38:  log pseudolikelihood =  -252796.1
Refining estimates:
Iteration 0:   log pseudolikelihood =  -252796.1
Iteration 1:   log pseudolikelihood =  -252796.1
Iteration 2:   log pseudolikelihood =  -252796.1

Stratified Cox regr. -- Breslow method for ties

No. of subjects      =      101,103             Number of obs    =     227,670
No. of failures      =       29,295
Time at risk         =     22957690
                                                Wald chi2(54)    =    14615.88
Log pseudolikelihood =    -252796.1             Prob > chi2      =      0.0000

                       (Std. Err. adjusted for 1,369 clusters in household_id)
------------------------------------------------------------------------------
             |               Robust
          _t | Haz. Ratio   Std. Err.      z    P>|z|     [95% Conf. Interval]
-------------+----------------------------------------------------------------
        age1 |   .9964822   .0021532    -1.63   0.103     .9922708    1.000711
        age2 |   1.010602   .0070544     1.51   0.131     .9968699    1.024523
        age3 |    .973195   .0194598    -1.36   0.174     .9357921    1.012093
        age1 |          1  (omitted)
        age2 |          1  (omitted)
        age3 |          1  (omitted)
      1.male |   1.004939    .012014     0.41   0.680     .9816658    1.028764
             |
   ethnicity |
Asian or ..  |   1.018451   .0198454     0.94   0.348     .9802885      1.0581
      Other  |   .9897047   .0199842    -0.51   0.608     .9513014    1.029658
             |
   obese4cat |
Obese I ..)  |    .981087   .0173319    -1.08   0.280     .9476984    1.015652
Obese II..)  |   .9500011   .0218259    -2.23   0.026     .9081719    .9937569
Obese II..)  |    1.03673   .0264951     1.41   0.158     .9860792    1.089982
             |
smoke_nomiss |
     Former  |   .9793335   .0426657    -0.48   0.632     .8991811    1.066631
    Current  |   1.041042   .0176162     2.38   0.017     1.007082    1.076149
             |
         imd |
          4  |   1.006869   .0147121     0.47   0.639     .9784428    1.036121
5 most de..  |    .990987   .0197568    -0.45   0.650     .9530111    1.030476
             |
tot_adults~h |
          2  |   .9104167   .2603323    -0.33   0.743     .5198049    1.594557
          3  |   .9313859    .221722    -0.30   0.765     .5841118    1.485126
             |
1.htdiag_o~p |   .9984561   .0126591    -0.12   0.903     .9739505    1.023578
1.~y_disease |   .9851377   .0145521    -1.01   0.311      .957025    1.014076
    1.asthma |   .9927814   .0210224    -0.34   0.732     .9524215    1.034851
1.~c_disease |   1.002466   .0146321     0.17   0.866      .974194    1.031559
             |
     diabcat |
T1DM, con..  |    .998938   .0390213    -0.03   0.978      .925312    1.078422
T1DM, unc..  |   .8727008   .0756841    -1.57   0.116     .7362846    1.034392
T2DM, con..  |   .9794769   .0151121    -1.34   0.179     .9503011    1.009549
T2DM, unc..  |   1.044964   .0333968     1.38   0.169     .9815156    1.112514
Diabetes,..  |   1.597732      .2685     2.79   0.005     1.149367    2.221002
             |
cancer_exh~t |
  Last year  |   1.081002     .09693     0.87   0.385     .9067805    1.288698
2-5 years..  |   1.046822   .0506115     0.95   0.344     .9521804    1.150871
   5+ years  |   .9904576   .0151032    -0.63   0.529     .9612938    1.020506
             |
cancer_hae~t |
  Last year  |   .9920982   .0953648    -0.08   0.934     .8217382    1.197777
2-5 years..  |   1.097011   .0517669     1.96   0.050       1.0001    1.203312
   5+ years  |   1.005565   .0159391     0.35   0.726     .9748052    1.037295
             |
1.~r_disease |   1.010643   .0144369     0.74   0.459     .9827394    1.039338
1.stroke_d~a |   .9945175   .0145708    -0.38   0.707     .9663654     1.02349
1.other_ne~o |   1.027191   .0145187     1.90   0.058     .9991253    1.056045
             |
reduced_ki~t |
Stage 3a/..  |   .9224925    .091734    -0.81   0.417     .7591334    1.121005
      1.esrd |   .9920033   .0119234    -0.67   0.504     .9689069     1.01565
1.other_tr~t |    .998448   .0153087    -0.10   0.919     .9688898    1.028908
  1.asplenia |   .9816254   .0141658    -1.29   0.199       .95425    1.009786
1.ra_sle_p~s |   1.034226   .0149496     2.33   0.020     1.005337    1.063946
1.other_im~o |   1.001058   .0144676     0.07   0.942     .9730995    1.029819
             |
     vaccine |
          2  |   .9297587   .2199066    -0.31   0.758     .5848493    1.478075
          3  |   .8320162   .2484688    -0.62   0.538      .463376    1.493929
          4  |   .7713162   .3262346    -0.61   0.539     .3366741    1.767076
             |
   kids_cat4 |
only <12 ..  |   .9091379   .1809653    -0.48   0.632     .6154557    1.342959
 only 12-18  |   .6035251   .1808582    -1.69   0.092     .3354409    1.085862
      mixed  |   .9264288   .1624416    -0.44   0.663     .6569932    1.306361
             |
     vaccine#|
   kids_cat4 |
          2 #|
only <12 ..  |   1.097488   .2997499     0.34   0.733      .642564    1.874489
          2 #|
 only 12-18  |   2.343017    .936504     2.13   0.033      1.07041    5.128623
    2#mixed  |   1.100425   .2604862     0.40   0.686     .6919409    1.750056
          3 #|
only <12 ..  |   1.332242   .4577855     0.83   0.404     .6793487    2.612602
          3 #|
 only 12-18  |   8.13e-18   4.48e-18   -71.44   0.000     2.76e-18    2.39e-17
    3#mixed  |    1.24499   .3714502     0.73   0.463     .6937529    2.234225
          4 #|
only <12 ..  |   .8701165   .4480185    -0.27   0.787     .3171744    2.387023
          4 #|
 only 12-18  |   3.880801   5.255296     1.00   0.317     .2730504    55.15691
    4#mixed  |   1.282996   .5428058     0.59   0.556     .5598888    2.940011
------------------------------------------------------------------------------
                                                             Stratified by stp

kids_cat4=0 
****************

 ( 1)  1b.vaccine + 0b.kids_cat4 + 1b.vaccine#0b.kids_cat4 = 0

------------------------------------------------------------------------------
          _t |     exp(b)   Std. Err.      z    P>|z|     [95% Conf. Interval]
-------------+----------------------------------------------------------------
         (1) |          1  (omitted)
------------------------------------------------------------------------------

 ( 1)  2.vaccine + 0b.kids_cat4 + 2o.vaccine#0b.kids_cat4 = 0

------------------------------------------------------------------------------
          _t |     exp(b)   Std. Err.      z    P>|z|     [95% Conf. Interval]
-------------+----------------------------------------------------------------
         (1) |   .9297587   .2199066    -0.31   0.758     .5848493    1.478075
------------------------------------------------------------------------------

 ( 1)  3.vaccine + 0b.kids_cat4 + 3o.vaccine#0b.kids_cat4 = 0

------------------------------------------------------------------------------
          _t |     exp(b)   Std. Err.      z    P>|z|     [95% Conf. Interval]
-------------+----------------------------------------------------------------
         (1) |   .8320162   .2484688    -0.62   0.538      .463376    1.493929
------------------------------------------------------------------------------

 ( 1)  4.vaccine + 0b.kids_cat4 + 4o.vaccine#0b.kids_cat4 = 0

------------------------------------------------------------------------------
          _t |     exp(b)   Std. Err.      z    P>|z|     [95% Conf. Interval]
-------------+----------------------------------------------------------------
         (1) |   .7713162   .3262346    -0.61   0.539     .3366741    1.767076
------------------------------------------------------------------------------

kids_cat4=1 
****************

 ( 1)  1b.vaccine + 1.kids_cat4 + 1b.vaccine#1o.kids_cat4 = 0

------------------------------------------------------------------------------
          _t |     exp(b)   Std. Err.      z    P>|z|     [95% Conf. Interval]
-------------+----------------------------------------------------------------
         (1) |   .9091379   .1809653    -0.48   0.632     .6154557    1.342959
------------------------------------------------------------------------------

 ( 1)  2.vaccine + 1.kids_cat4 + 2.vaccine#1.kids_cat4 = 0

------------------------------------------------------------------------------
          _t |     exp(b)   Std. Err.      z    P>|z|     [95% Conf. Interval]
-------------+----------------------------------------------------------------
         (1) |   .9276832   .1844996    -0.38   0.706     .6282187    1.369899
------------------------------------------------------------------------------

 ( 1)  3.vaccine + 1.kids_cat4 + 3.vaccine#1.kids_cat4 = 0

------------------------------------------------------------------------------
          _t |     exp(b)   Std. Err.      z    P>|z|     [95% Conf. Interval]
-------------+----------------------------------------------------------------
         (1) |   1.007731   .2230692     0.03   0.972     .6530168    1.555123
------------------------------------------------------------------------------

 ( 1)  4.vaccine + 1.kids_cat4 + 4.vaccine#1.kids_cat4 = 0

------------------------------------------------------------------------------
          _t |     exp(b)   Std. Err.      z    P>|z|     [95% Conf. Interval]
-------------+----------------------------------------------------------------
         (1) |   .6101542   .2022537    -1.49   0.136     .3186278    1.168411
------------------------------------------------------------------------------

kids_cat4=2 
****************

 ( 1)  1b.vaccine + 2.kids_cat4 + 1b.vaccine#2o.kids_cat4 = 0

------------------------------------------------------------------------------
          _t |     exp(b)   Std. Err.      z    P>|z|     [95% Conf. Interval]
-------------+----------------------------------------------------------------
         (1) |   .6035251   .1808582    -1.69   0.092     .3354409    1.085862
------------------------------------------------------------------------------

 ( 1)  2.vaccine + 2.kids_cat4 + 2.vaccine#2.kids_cat4 = 0

------------------------------------------------------------------------------
          _t |     exp(b)   Std. Err.      z    P>|z|     [95% Conf. Interval]
-------------+----------------------------------------------------------------
         (1) |   1.314744   .3420138     1.05   0.293     .7896086    2.189124
------------------------------------------------------------------------------

 ( 1)  3.vaccine + 2.kids_cat4 + 3.vaccine#2.kids_cat4 = 0

------------------------------------------------------------------------------
          _t |     exp(b)   Std. Err.      z    P>|z|     [95% Conf. Interval]
-------------+----------------------------------------------------------------
         (1) |   4.08e-18   1.57e-18  -104.13   0.000     1.92e-18    8.67e-18
------------------------------------------------------------------------------

 ( 1)  4.vaccine + 2.kids_cat4 + 4.vaccine#2.kids_cat4 = 0

------------------------------------------------------------------------------
          _t |     exp(b)   Std. Err.      z    P>|z|     [95% Conf. Interval]
-------------+----------------------------------------------------------------
         (1) |   1.806547   2.265884     0.47   0.637     .1546034    21.10957
------------------------------------------------------------------------------

kids_cat4=3 
****************

 ( 1)  1b.vaccine + 3.kids_cat4 + 1b.vaccine#3o.kids_cat4 = 0

------------------------------------------------------------------------------
          _t |     exp(b)   Std. Err.      z    P>|z|     [95% Conf. Interval]
-------------+----------------------------------------------------------------
         (1) |   .9264288   .1624416    -0.44   0.663     .6569932    1.306361
------------------------------------------------------------------------------

 ( 1)  2.vaccine + 3.kids_cat4 + 2.vaccine#3.kids_cat4 = 0

------------------------------------------------------------------------------
          _t |     exp(b)   Std. Err.      z    P>|z|     [95% Conf. Interval]
-------------+----------------------------------------------------------------
         (1) |   .9478569   .1664021    -0.31   0.760     .6719069    1.337139
------------------------------------------------------------------------------

 ( 1)  3.vaccine + 3.kids_cat4 + 3.vaccine#3.kids_cat4 = 0

------------------------------------------------------------------------------
          _t |     exp(b)   Std. Err.      z    P>|z|     [95% Conf. Interval]
-------------+----------------------------------------------------------------
         (1) |    .959643   .1696368    -0.23   0.816     .6786442    1.356992
------------------------------------------------------------------------------

 ( 1)  4.vaccine + 3.kids_cat4 + 4.vaccine#3.kids_cat4 = 0

------------------------------------------------------------------------------
          _t |     exp(b)   Std. Err.      z    P>|z|     [95% Conf. Interval]
-------------+----------------------------------------------------------------
         (1) |   .9167899    .163524    -0.49   0.626     .6463155    1.300454
------------------------------------------------------------------------------

kids_cat4=0 
****************

 ( 1)  1b.vaccine + 1b.vaccine#0b.kids_cat4 = 0

------------------------------------------------------------------------------
          _t |     exp(b)   Std. Err.      z    P>|z|     [95% Conf. Interval]
-------------+----------------------------------------------------------------
         (1) |          1  (omitted)
------------------------------------------------------------------------------

 ( 1)  2.vaccine + 2o.vaccine#0b.kids_cat4 = 0

------------------------------------------------------------------------------
          _t |     exp(b)   Std. Err.      z    P>|z|     [95% Conf. Interval]
-------------+----------------------------------------------------------------
         (1) |   .9297587   .2199066    -0.31   0.758     .5848493    1.478075
------------------------------------------------------------------------------

 ( 1)  3.vaccine + 3o.vaccine#0b.kids_cat4 = 0

------------------------------------------------------------------------------
          _t |     exp(b)   Std. Err.      z    P>|z|     [95% Conf. Interval]
-------------+----------------------------------------------------------------
         (1) |   .8320162   .2484688    -0.62   0.538      .463376    1.493929
------------------------------------------------------------------------------

 ( 1)  4.vaccine + 4o.vaccine#0b.kids_cat4 = 0

------------------------------------------------------------------------------
          _t |     exp(b)   Std. Err.      z    P>|z|     [95% Conf. Interval]
-------------+----------------------------------------------------------------
         (1) |   .7713162   .3262346    -0.61   0.539     .3366741    1.767076
------------------------------------------------------------------------------

kids_cat4=1 
****************

 ( 1)  1b.vaccine + 1b.vaccine#1o.kids_cat4 = 0

------------------------------------------------------------------------------
          _t |     exp(b)   Std. Err.      z    P>|z|     [95% Conf. Interval]
-------------+----------------------------------------------------------------
         (1) |          1  (omitted)
------------------------------------------------------------------------------

 ( 1)  2.vaccine + 2.vaccine#1.kids_cat4 = 0

------------------------------------------------------------------------------
          _t |     exp(b)   Std. Err.      z    P>|z|     [95% Conf. Interval]
-------------+----------------------------------------------------------------
         (1) |   1.020399   .1398458     0.15   0.883     .7800323    1.334834
------------------------------------------------------------------------------

 ( 1)  3.vaccine + 3.vaccine#1.kids_cat4 = 0

------------------------------------------------------------------------------
          _t |     exp(b)   Std. Err.      z    P>|z|     [95% Conf. Interval]
-------------+----------------------------------------------------------------
         (1) |   1.108447   .1901578     0.60   0.548     .7919326    1.551463
------------------------------------------------------------------------------

 ( 1)  4.vaccine + 4.vaccine#1.kids_cat4 = 0

------------------------------------------------------------------------------
          _t |     exp(b)   Std. Err.      z    P>|z|     [95% Conf. Interval]
-------------+----------------------------------------------------------------
         (1) |   .6711349   .1985292    -1.35   0.178     .3758503    1.198408
------------------------------------------------------------------------------

kids_cat4=2 
****************

 ( 1)  1b.vaccine + 1b.vaccine#2o.kids_cat4 = 0

------------------------------------------------------------------------------
          _t |     exp(b)   Std. Err.      z    P>|z|     [95% Conf. Interval]
-------------+----------------------------------------------------------------
         (1) |          1  (omitted)
------------------------------------------------------------------------------

 ( 1)  2.vaccine + 2.vaccine#2.kids_cat4 = 0

------------------------------------------------------------------------------
          _t |     exp(b)   Std. Err.      z    P>|z|     [95% Conf. Interval]
-------------+----------------------------------------------------------------
         (1) |   2.178441   .7056933     2.40   0.016     1.154527    4.110433
------------------------------------------------------------------------------

 ( 1)  3.vaccine + 3.vaccine#2.kids_cat4 = 0

------------------------------------------------------------------------------
          _t |     exp(b)   Std. Err.      z    P>|z|     [95% Conf. Interval]
-------------+----------------------------------------------------------------
         (1) |   6.76e-18   3.15e-18   -84.99   0.000     2.72e-18    1.68e-17
------------------------------------------------------------------------------

 ( 1)  4.vaccine + 4.vaccine#2.kids_cat4 = 0

------------------------------------------------------------------------------
          _t |     exp(b)   Std. Err.      z    P>|z|     [95% Conf. Interval]
-------------+----------------------------------------------------------------
         (1) |   2.993325     3.8496     0.85   0.394      .240689    37.22643
------------------------------------------------------------------------------

kids_cat4=3 
****************

 ( 1)  1b.vaccine + 1b.vaccine#3o.kids_cat4 = 0

------------------------------------------------------------------------------
          _t |     exp(b)   Std. Err.      z    P>|z|     [95% Conf. Interval]
-------------+----------------------------------------------------------------
         (1) |          1  (omitted)
------------------------------------------------------------------------------

 ( 1)  2.vaccine + 2.vaccine#3.kids_cat4 = 0

------------------------------------------------------------------------------
          _t |     exp(b)   Std. Err.      z    P>|z|     [95% Conf. Interval]
-------------+----------------------------------------------------------------
         (1) |    1.02313   .0181362     1.29   0.197      .988194    1.059301
------------------------------------------------------------------------------

 ( 1)  3.vaccine + 3.vaccine#3.kids_cat4 = 0

------------------------------------------------------------------------------
          _t |     exp(b)   Std. Err.      z    P>|z|     [95% Conf. Interval]
-------------+----------------------------------------------------------------
         (1) |   1.035852   .0274982     1.33   0.185     .9833344    1.091174
------------------------------------------------------------------------------

 ( 1)  4.vaccine + 4.vaccine#3.kids_cat4 = 0

------------------------------------------------------------------------------
          _t |     exp(b)   Std. Err.      z    P>|z|     [95% Conf. Interval]
-------------+----------------------------------------------------------------
         (1) |   .9895957   .0350519    -0.30   0.768     .9232256    1.060737
------------------------------------------------------------------------------
(note: file ./output/an_interaction_cox_models_covidadmission_kids_cat4_vaccine
> _0_child_prevacc.ster not found)
file ./output/an_interaction_cox_models_covidadmission_kids_cat4_vaccine_0_chil
> d_prevacc.ster saved
(0 real changes made)
(0 real changes made)
(1,614 observations deleted)
(0 observations deleted)
(0 observations deleted)
(1,543 missing values generated)
(4,748 missing values generated)
(8,722 missing values generated)
(1,112 real changes made)
(246 real changes made)
(246 real changes made, 246 to missing)
(26 observations deleted)
(6,660 real changes made, 6,660 to missing)
(12,598 real changes made, 12,598 to missing)
(15,709 real changes made, 15,709 to missing)

                id:  patient_id
     failure event:  covidadmission != 0 & covidadmission < .
obs. time interval:  (stime_covidadmission[_n-1], stime_covidadmission]
 enter on or after:  time enter_date
 exit on or before:  failure
    t for analysis:  (time-origin)
            origin:  time enter_date

------------------------------------------------------------------------------
     28,581  total observations
          0  exclusions
------------------------------------------------------------------------------
     28,581  observations remaining, representing
     28,581  subjects
      8,153  failures in single-failure-per-subject data
  6,517,475  total analysis time at risk and under observation
                                                at risk from t =         0
                                     earliest observed entry t =         0
                                          last observed exit t =       428
(20,378 observations (episodes) created)
(covidadmission: 20378 changes made)
(11,240 observations (episodes) created)
(covidadmission: 11240 changes made)
(4,158 observations (episodes) created)
(covidadmission: 4158 changes made)

Failure/cen |
     soring |
  indicator |
        for |
   outcome: |
  covid SUS |
  admission |      Freq.     Percent        Cum.
------------+-----------------------------------
          0 |     56,204       87.33       87.33
          1 |      8,153       12.67      100.00
------------+-----------------------------------
      Total |     64,357      100.00
-> stset stime_covidadmission, id(patient_id) failure(covidadmission)
                               enter(time enter_date) origin(time enter_date)

                id:  patient_id
     failure event:  covidadmission != 0 & covidadmission < .
obs. time interval:  (stime_covidadmission[_n-1], stime_covidadmission]
 enter on or after:  time enter_date
 exit on or before:  failure
    t for analysis:  (time-origin)
            origin:  time enter_date

------------------------------------------------------------------------------
     64,357  total observations
          0  exclusions
------------------------------------------------------------------------------
     64,357  observations remaining, representing
     28,581  subjects
      8,153  failures in single-failure-per-subject data
  6,517,475  total analysis time at risk and under observation
                                                at risk from t =         0
                                     earliest observed entry t =         0
                                          last observed exit t =       428

         failure _d:  covidadmission
   analysis time _t:  (stime_covidadmission-origin)
             origin:  time enter_date
  enter on or after:  time enter_date
                 id:  patient_id

Estimated rates (per 100000) and lower/upper bounds of 95% confidence intervals
(28581 records included in the analysis)

  +---------------------------------------------------------------+
  |      kids_cat4      D         Y      Rate     Lower     Upper |
  |---------------------------------------------------------------|
  |           none      8    0.0833    96.085    48.052   192.132 |
  | only <12 years     34    0.2292   148.342   105.995   207.608 |
  |     only 12-18      5    0.0503    99.483    41.407   239.010 |
  |          mixed   2905   26.7723   108.508   104.633   112.526 |
  +---------------------------------------------------------------+


         failure _d:  covidadmission
   analysis time _t:  (stime_covidadmission-origin)
             origin:  time enter_date
  enter on or after:  time enter_date
                 id:  patient_id

Estimated rates (per 100000) and lower/upper bounds of 95% confidence intervals
(20378 records included in the analysis)

  +---------------------------------------------------------------+
  |      kids_cat4      D         Y      Rate     Lower     Upper |
  |---------------------------------------------------------------|
  |           none     11    0.0690   159.328    88.236   287.699 |
  | only <12 years     25    0.1897   131.808    89.064   195.066 |
  |     only 12-18      5    0.0361   138.619    57.697   333.037 |
  |          mixed   2959   23.5279   125.766   121.315   130.380 |
  +---------------------------------------------------------------+


         failure _d:  covidadmission
   analysis time _t:  (stime_covidadmission-origin)
             origin:  time enter_date
  enter on or after:  time enter_date
                 id:  patient_id

Estimated rates (per 100000) and lower/upper bounds of 95% confidence intervals
(11240 records included in the analysis)

  +---------------------------------------------------------------+
  |      kids_cat4      D         Y      Rate     Lower     Upper |
  |---------------------------------------------------------------|
  |           none      5    0.0293   170.707    71.053   410.128 |
  | only <12 years     15    0.0952   157.613    95.019   261.439 |
  |     only 12-18      2    0.0105   190.295    47.592   760.883 |
  |          mixed   1662   11.1876   148.557   141.584   155.873 |
  +---------------------------------------------------------------+


         failure _d:  covidadmission
   analysis time _t:  (stime_covidadmission-origin)
             origin:  time enter_date
  enter on or after:  time enter_date
                 id:  patient_id

Estimated rates (per 100000) and lower/upper bounds of 95% confidence intervals
(4158 records included in the analysis)

  +-------------------------------------------------------------+
  |      kids_cat4     D        Y      Rate     Lower     Upper |
  |-------------------------------------------------------------|
  |           none     2   0.0102   196.657    49.183   786.320 |
  | only <12 years     3   0.0285   105.226    33.938   326.261 |
  |     only 12-18     0   0.0036     0.000         .         . |
  |          mixed   512   2.8521   179.515   164.620   195.758 |
  +-------------------------------------------------------------+


         failure _d:  covidadmission
   analysis time _t:  (stime_covidadmission-origin)
             origin:  time enter_date
  enter on or after:  time enter_date
                 id:  patient_id

note: age1 omitted because of collinearity
note: age2 omitted because of collinearity
note: age3 omitted because of collinearity
Iteration 0:   log pseudolikelihood = -59998.567
Iteration 1:   log pseudolikelihood = -59976.161
Iteration 2:   log pseudolikelihood = -59975.924
Iteration 3:   log pseudolikelihood =  -59975.87
Iteration 4:   log pseudolikelihood =  -59975.85
Iteration 5:   log pseudolikelihood = -59975.842
Iteration 6:   log pseudolikelihood = -59975.839
Iteration 7:   log pseudolikelihood = -59975.838
Iteration 8:   log pseudolikelihood = -59975.838
Iteration 9:   log pseudolikelihood = -59975.838
Iteration 10:  log pseudolikelihood = -59975.838
Iteration 11:  log pseudolikelihood = -59975.838
Iteration 12:  log pseudolikelihood = -59975.838
Iteration 13:  log pseudolikelihood = -59975.838
Iteration 14:  log pseudolikelihood = -59975.838
Iteration 15:  log pseudolikelihood = -59975.838
Iteration 16:  log pseudolikelihood = -59975.838
Iteration 17:  log pseudolikelihood = -59975.838
Iteration 18:  log pseudolikelihood = -59975.838
Iteration 19:  log pseudolikelihood = -59975.838
Iteration 20:  log pseudolikelihood = -59975.838
Iteration 21:  log pseudolikelihood = -59975.838
Iteration 22:  log pseudolikelihood = -59975.838
Iteration 23:  log pseudolikelihood = -59975.838
Iteration 24:  log pseudolikelihood = -59975.838
Iteration 25:  log pseudolikelihood = -59975.838
Iteration 26:  log pseudolikelihood = -59975.838
Iteration 27:  log pseudolikelihood = -59975.838
Iteration 28:  log pseudolikelihood = -59975.838
Iteration 29:  log pseudolikelihood = -59975.838
Iteration 30:  log pseudolikelihood = -59975.838
Iteration 31:  log pseudolikelihood = -59975.838
Iteration 32:  log pseudolikelihood = -59975.838
Iteration 33:  log pseudolikelihood = -59975.838
Refining estimates:
Iteration 0:   log pseudolikelihood = -59975.838
Iteration 1:   log pseudolikelihood = -59975.838
Iteration 2:   log pseudolikelihood = -59975.838

Stratified Cox regr. -- Breslow method for ties

No. of subjects      =       28,581             Number of obs    =      64,357
No. of failures      =        8,153
Time at risk         =      6517475
                                                Wald chi2(54)    =     5810.44
Log pseudolikelihood =   -59975.838             Prob > chi2      =      0.0000

                       (Std. Err. adjusted for 1,198 clusters in household_id)
------------------------------------------------------------------------------
             |               Robust
          _t | Haz. Ratio   Std. Err.      z    P>|z|     [95% Conf. Interval]
-------------+----------------------------------------------------------------
        age1 |   1.007608   .0099342     0.77   0.442     .9883239    1.027267
        age2 |   .9703468   .0501624    -0.58   0.560      .876847    1.073817
        age3 |   1.055134   .1078275     0.53   0.599     .8636162    1.289124
        age1 |          1  (omitted)
        age2 |          1  (omitted)
        age3 |          1  (omitted)
      1.male |   1.028104   .0228704     1.25   0.213     .9842422    1.073921
             |
   ethnicity |
Asian or ..  |   1.026162   .0376888     0.70   0.482     .9548897    1.102755
      Other  |   .9509294   .0363824    -1.32   0.188     .8822292    1.024979
             |
   obese4cat |
Obese I ..)  |   1.007034   .0319519     0.22   0.825     .9463168    1.071647
Obese II..)  |   .9670154   .0385787    -0.84   0.400     .8942832    1.045663
Obese II..)  |   1.030016   .0478545     0.64   0.524     .9403667    1.128212
             |
smoke_nomiss |
     Former  |   .9021252   .0737498    -1.26   0.208     .7685641    1.058897
    Current  |   .9782978   .0325233    -0.66   0.509     .9165856    1.044165
             |
         imd |
          4  |   .9470493   .0268175    -1.92   0.055     .8959199    1.001097
5 most de..  |   .9591814   .0340993    -1.17   0.241     .8946232    1.028398
             |
tot_adults~h |
          2  |   1.229233   .7144987     0.36   0.723     .3934306    3.840608
          3  |   1.215514   .5010161     0.47   0.636     .5418857    2.726541
             |
1.htdiag_o~p |   1.052197   .0257505     2.08   0.038     1.002918    1.103897
1.~y_disease |   1.008338   .0273595     0.31   0.760     .9561152    1.063413
    1.asthma |   .9235259   .0418325    -1.76   0.079       .84507    1.009266
1.~c_disease |   .9898323   .0269734    -0.38   0.708     .9383524    1.044136
             |
     diabcat |
T1DM, con..  |   1.019176   .0673173     0.29   0.774     .8954201    1.160037
T1DM, unc..  |   1.104837   .1517371     0.73   0.468     .8441023     1.44611
T2DM, con..  |   .9731659   .0305964    -0.87   0.387     .9150083     1.03502
T2DM, unc..  |   1.099385   .0642436     1.62   0.105     .9804127    1.232794
Diabetes,..  |   .7816187   .3475172    -0.55   0.579     .3269944    1.868313
             |
cancer_exh~t |
  Last year  |   1.142577    .185175     0.82   0.411     .8316353    1.569777
2-5 years..  |   1.067112   .0878568     0.79   0.430     .9080915     1.25398
   5+ years  |   1.002852   .0289816     0.10   0.921     .9476281    1.061294
             |
cancer_hae~t |
  Last year  |   .8245632   .1588412    -1.00   0.317     .5652639    1.202809
2-5 years..  |   .9769082   .0919887    -0.25   0.804      .812273    1.174912
   5+ years  |   1.010675   .0292228     0.37   0.713     .9549917    1.069604
             |
1.~r_disease |   1.048077   .0302991     1.62   0.104     .9903425    1.109176
1.stroke_d~a |   .9854296   .0271926    -0.53   0.595     .9335487    1.040194
1.other_ne~o |   .9872193   .0268691    -0.47   0.636     .9359369    1.041312
             |
reduced_ki~t |
Stage 3a/..  |   .9520035   .0564421    -0.83   0.407     .8475645    1.069312
      1.esrd |   .9952063   .0239521    -0.20   0.842     .9493511    1.043276
1.other_tr~t |   1.000886   .0291596     0.03   0.976     .9453348    1.059701
  1.asplenia |   1.005599   .0275633     0.20   0.839     .9530014      1.0611
1.ra_sle_p~s |   1.051871   .0280251     1.90   0.058     .9983522    1.108259
1.other_im~o |   1.007598   .0274059     0.28   0.781     .9552896     1.06277
             |
     vaccine |
          2  |   1.423234   .6877068     0.73   0.465     .5520466    3.669247
          3  |    1.20564   .6153608     0.37   0.714     .4433667    3.278479
          4  |   1.413377    1.01561     0.48   0.630     .3456292    5.779707
             |
   kids_cat4 |
only <12 ..  |   1.451455   .5632583     0.96   0.337     .6783945    3.105451
 only 12-18  |    .985517   .4903388    -0.03   0.977     .3716664    2.613214
      mixed  |   1.052815   .3636463     0.15   0.882     .5349873    2.071859
             |
     vaccine#|
   kids_cat4 |
          2 #|
only <12 ..  |   .5429477   .2987745    -1.11   0.267     .1846532    1.596464
          2 #|
 only 12-18  |   .8763982   .7293954    -0.16   0.874     .1715048    4.478438
    2#mixed  |   .7154311   .3456596    -0.69   0.488     .2775306    1.844271
          3 #|
only <12 ..  |   .6061009   .3556788    -0.85   0.394     .1918817    1.914504
          3 #|
 only 12-18  |   1.105457   1.036522     0.11   0.915     .1759625    6.944862
    3#mixed  |   .7969521   .4056874    -0.45   0.656     .2938524      2.1614
          4 #|
only <12 ..  |    .311347   .2899968    -1.25   0.210     .0501664    1.932308
          4 #|
 only 12-18  |   4.42e-16   4.76e-16   -32.86   0.000     5.37e-17    3.64e-15
    4#mixed  |   .7227547   .5195007    -0.45   0.651      .176671    2.956763
------------------------------------------------------------------------------
                                                             Stratified by stp

kids_cat4=0 
****************

 ( 1)  1b.vaccine + 0b.kids_cat4 + 1b.vaccine#0b.kids_cat4 = 0

------------------------------------------------------------------------------
          _t |     exp(b)   Std. Err.      z    P>|z|     [95% Conf. Interval]
-------------+----------------------------------------------------------------
         (1) |          1  (omitted)
------------------------------------------------------------------------------

 ( 1)  2.vaccine + 0b.kids_cat4 + 2o.vaccine#0b.kids_cat4 = 0

------------------------------------------------------------------------------
          _t |     exp(b)   Std. Err.      z    P>|z|     [95% Conf. Interval]
-------------+----------------------------------------------------------------
         (1) |   1.423234   .6877068     0.73   0.465     .5520466    3.669247
------------------------------------------------------------------------------

 ( 1)  3.vaccine + 0b.kids_cat4 + 3o.vaccine#0b.kids_cat4 = 0

------------------------------------------------------------------------------
          _t |     exp(b)   Std. Err.      z    P>|z|     [95% Conf. Interval]
-------------+----------------------------------------------------------------
         (1) |    1.20564   .6153608     0.37   0.714     .4433667    3.278479
------------------------------------------------------------------------------

 ( 1)  4.vaccine + 0b.kids_cat4 + 4o.vaccine#0b.kids_cat4 = 0

------------------------------------------------------------------------------
          _t |     exp(b)   Std. Err.      z    P>|z|     [95% Conf. Interval]
-------------+----------------------------------------------------------------
         (1) |   1.413377    1.01561     0.48   0.630     .3456292    5.779707
------------------------------------------------------------------------------

kids_cat4=1 
****************

 ( 1)  1b.vaccine + 1.kids_cat4 + 1b.vaccine#1o.kids_cat4 = 0

------------------------------------------------------------------------------
          _t |     exp(b)   Std. Err.      z    P>|z|     [95% Conf. Interval]
-------------+----------------------------------------------------------------
         (1) |   1.451455   .5632583     0.96   0.337     .6783945    3.105451
------------------------------------------------------------------------------

 ( 1)  2.vaccine + 1.kids_cat4 + 2.vaccine#1.kids_cat4 = 0

------------------------------------------------------------------------------
          _t |     exp(b)   Std. Err.      z    P>|z|     [95% Conf. Interval]
-------------+----------------------------------------------------------------
         (1) |     1.1216   .4545718     0.28   0.777      .506822    2.482106
------------------------------------------------------------------------------

 ( 1)  3.vaccine + 1.kids_cat4 + 3.vaccine#1.kids_cat4 = 0

------------------------------------------------------------------------------
          _t |     exp(b)   Std. Err.      z    P>|z|     [95% Conf. Interval]
-------------+----------------------------------------------------------------
         (1) |   1.060636   .4546346     0.14   0.891       .45783    2.457131
------------------------------------------------------------------------------

 ( 1)  4.vaccine + 1.kids_cat4 + 4.vaccine#1.kids_cat4 = 0

------------------------------------------------------------------------------
          _t |     exp(b)   Std. Err.      z    P>|z|     [95% Conf. Interval]
-------------+----------------------------------------------------------------
         (1) |   .6387138   .4299288    -0.67   0.505     .1707452    2.389264
------------------------------------------------------------------------------

kids_cat4=2 
****************

 ( 1)  1b.vaccine + 2.kids_cat4 + 1b.vaccine#2o.kids_cat4 = 0

------------------------------------------------------------------------------
          _t |     exp(b)   Std. Err.      z    P>|z|     [95% Conf. Interval]
-------------+----------------------------------------------------------------
         (1) |    .985517   .4903388    -0.03   0.977     .3716664    2.613214
------------------------------------------------------------------------------

 ( 1)  2.vaccine + 2.kids_cat4 + 2.vaccine#2.kids_cat4 = 0

------------------------------------------------------------------------------
          _t |     exp(b)   Std. Err.      z    P>|z|     [95% Conf. Interval]
-------------+----------------------------------------------------------------
         (1) |   1.229255    .818291     0.31   0.757      .333437    4.531794
------------------------------------------------------------------------------

 ( 1)  3.vaccine + 2.kids_cat4 + 3.vaccine#2.kids_cat4 = 0

------------------------------------------------------------------------------
          _t |     exp(b)   Std. Err.      z    P>|z|     [95% Conf. Interval]
-------------+----------------------------------------------------------------
         (1) |   1.313481   .8414026     0.43   0.670     .3742422    4.609935
------------------------------------------------------------------------------

 ( 1)  4.vaccine + 2.kids_cat4 + 4.vaccine#2.kids_cat4 = 0

------------------------------------------------------------------------------
          _t |     exp(b)   Std. Err.      z    P>|z|     [95% Conf. Interval]
-------------+----------------------------------------------------------------
         (1) |   6.16e-16   5.60e-16   -38.52   0.000     1.04e-16    3.66e-15
------------------------------------------------------------------------------

kids_cat4=3 
****************

 ( 1)  1b.vaccine + 3.kids_cat4 + 1b.vaccine#3o.kids_cat4 = 0

------------------------------------------------------------------------------
          _t |     exp(b)   Std. Err.      z    P>|z|     [95% Conf. Interval]
-------------+----------------------------------------------------------------
         (1) |   1.052815   .3636463     0.15   0.882     .5349873    2.071859
------------------------------------------------------------------------------

 ( 1)  2.vaccine + 3.kids_cat4 + 2.vaccine#3.kids_cat4 = 0

------------------------------------------------------------------------------
          _t |     exp(b)   Std. Err.      z    P>|z|     [95% Conf. Interval]
-------------+----------------------------------------------------------------
         (1) |   1.072003   .3709991     0.20   0.841     .5440164    2.112419
------------------------------------------------------------------------------

 ( 1)  3.vaccine + 3.kids_cat4 + 3.vaccine#3.kids_cat4 = 0

------------------------------------------------------------------------------
          _t |     exp(b)   Std. Err.      z    P>|z|     [95% Conf. Interval]
-------------+----------------------------------------------------------------
         (1) |   1.011584   .3523815     0.03   0.974       .51108    2.002234
------------------------------------------------------------------------------

 ( 1)  4.vaccine + 3.kids_cat4 + 4.vaccine#3.kids_cat4 = 0

------------------------------------------------------------------------------
          _t |     exp(b)   Std. Err.      z    P>|z|     [95% Conf. Interval]
-------------+----------------------------------------------------------------
         (1) |   1.075476   .3781098     0.21   0.836     .5399336    2.142207
------------------------------------------------------------------------------

kids_cat4=0 
****************

 ( 1)  1b.vaccine + 1b.vaccine#0b.kids_cat4 = 0

------------------------------------------------------------------------------
          _t |     exp(b)   Std. Err.      z    P>|z|     [95% Conf. Interval]
-------------+----------------------------------------------------------------
         (1) |          1  (omitted)
------------------------------------------------------------------------------

 ( 1)  2.vaccine + 2o.vaccine#0b.kids_cat4 = 0

------------------------------------------------------------------------------
          _t |     exp(b)   Std. Err.      z    P>|z|     [95% Conf. Interval]
-------------+----------------------------------------------------------------
         (1) |   1.423234   .6877068     0.73   0.465     .5520466    3.669247
------------------------------------------------------------------------------

 ( 1)  3.vaccine + 3o.vaccine#0b.kids_cat4 = 0

------------------------------------------------------------------------------
          _t |     exp(b)   Std. Err.      z    P>|z|     [95% Conf. Interval]
-------------+----------------------------------------------------------------
         (1) |    1.20564   .6153608     0.37   0.714     .4433667    3.278479
------------------------------------------------------------------------------

 ( 1)  4.vaccine + 4o.vaccine#0b.kids_cat4 = 0

------------------------------------------------------------------------------
          _t |     exp(b)   Std. Err.      z    P>|z|     [95% Conf. Interval]
-------------+----------------------------------------------------------------
         (1) |   1.413377    1.01561     0.48   0.630     .3456292    5.779707
------------------------------------------------------------------------------

kids_cat4=1 
****************

 ( 1)  1b.vaccine + 1b.vaccine#1o.kids_cat4 = 0

------------------------------------------------------------------------------
          _t |     exp(b)   Std. Err.      z    P>|z|     [95% Conf. Interval]
-------------+----------------------------------------------------------------
         (1) |          1  (omitted)
------------------------------------------------------------------------------

 ( 1)  2.vaccine + 2.vaccine#1.kids_cat4 = 0

------------------------------------------------------------------------------
          _t |     exp(b)   Std. Err.      z    P>|z|     [95% Conf. Interval]
-------------+----------------------------------------------------------------
         (1) |   .7727418   .2077698    -0.96   0.338     .4562142     1.30888
------------------------------------------------------------------------------

 ( 1)  3.vaccine + 3.vaccine#1.kids_cat4 = 0

------------------------------------------------------------------------------
          _t |     exp(b)   Std. Err.      z    P>|z|     [95% Conf. Interval]
-------------+----------------------------------------------------------------
         (1) |   .7307397   .2160794    -1.06   0.289     .4093199    1.304556
------------------------------------------------------------------------------

 ( 1)  4.vaccine + 4.vaccine#1.kids_cat4 = 0

------------------------------------------------------------------------------
          _t |     exp(b)   Std. Err.      z    P>|z|     [95% Conf. Interval]
-------------+----------------------------------------------------------------
         (1) |   .4400507   .2612673    -1.38   0.167     .1374442    1.408896
------------------------------------------------------------------------------

kids_cat4=2 
****************

 ( 1)  1b.vaccine + 1b.vaccine#2o.kids_cat4 = 0

------------------------------------------------------------------------------
          _t |     exp(b)   Std. Err.      z    P>|z|     [95% Conf. Interval]
-------------+----------------------------------------------------------------
         (1) |          1  (omitted)
------------------------------------------------------------------------------

 ( 1)  2.vaccine + 2.vaccine#2.kids_cat4 = 0

------------------------------------------------------------------------------
          _t |     exp(b)   Std. Err.      z    P>|z|     [95% Conf. Interval]
-------------+----------------------------------------------------------------
         (1) |    1.24732   .8447998     0.33   0.744     .3307241    4.704244
------------------------------------------------------------------------------

 ( 1)  3.vaccine + 3.vaccine#2.kids_cat4 = 0

------------------------------------------------------------------------------
          _t |     exp(b)   Std. Err.      z    P>|z|     [95% Conf. Interval]
-------------+----------------------------------------------------------------
         (1) |   1.332784   1.051984     0.36   0.716     .2837234     6.26072
------------------------------------------------------------------------------

 ( 1)  4.vaccine + 4.vaccine#2.kids_cat4 = 0

------------------------------------------------------------------------------
          _t |     exp(b)   Std. Err.      z    P>|z|     [95% Conf. Interval]
-------------+----------------------------------------------------------------
         (1) |   6.25e-16   5.04e-16   -43.45   0.000     1.29e-16    3.03e-15
------------------------------------------------------------------------------

kids_cat4=3 
****************

 ( 1)  1b.vaccine + 1b.vaccine#3o.kids_cat4 = 0

------------------------------------------------------------------------------
          _t |     exp(b)   Std. Err.      z    P>|z|     [95% Conf. Interval]
-------------+----------------------------------------------------------------
         (1) |          1  (omitted)
------------------------------------------------------------------------------

 ( 1)  2.vaccine + 2.vaccine#3.kids_cat4 = 0

------------------------------------------------------------------------------
          _t |     exp(b)   Std. Err.      z    P>|z|     [95% Conf. Interval]
-------------+----------------------------------------------------------------
         (1) |   1.018226   .0328434     0.56   0.576     .9558467    1.084676
------------------------------------------------------------------------------

 ( 1)  3.vaccine + 3.vaccine#3.kids_cat4 = 0

------------------------------------------------------------------------------
          _t |     exp(b)   Std. Err.      z    P>|z|     [95% Conf. Interval]
-------------+----------------------------------------------------------------
         (1) |   .9608376   .0454837    -0.84   0.399     .8757017     1.05425
------------------------------------------------------------------------------

 ( 1)  4.vaccine + 4.vaccine#3.kids_cat4 = 0

------------------------------------------------------------------------------
          _t |     exp(b)   Std. Err.      z    P>|z|     [95% Conf. Interval]
-------------+----------------------------------------------------------------
         (1) |   1.021525   .0677139     0.32   0.748     .8970679    1.163249
------------------------------------------------------------------------------
(note: file ./output/an_interaction_cox_models_covidadmission_kids_cat4_vaccine
> _1_child_prevacc.ster not found)
file ./output/an_interaction_cox_models_covidadmission_kids_cat4_vaccine_1_chil
> d_prevacc.ster saved

. else di "WARNING GROUP MODEL DID NOT FIT (OUTCOME `outcome')"
WARNING GROUP MODEL DID NOT FIT (OUTCOME covidadmission)

. log close
      name:  <unnamed>
       log:  /workspace/logs/10c_an_interaction_cox_models_vaccine_covidadmissi
> on_child_prevacc.log
  log type:  text
 closed on:  15 Mar 2023, 14:38:08
-------------------------------------------------------------------------------
